[  00000] itliincgupsubs cset
[   0000] Itiiznggrp ubsy c
   0000]Initiaizg roupubs puac
  0.0000] nux vesi 4.0-59-ger (build@w0-1) (gc rsn 5.4. 2609 (Unt5..0-6ubnt~1.04.4) #-UbuntSMFr Jan 67::47 UT 27 Ubuntu 44.-580geneic.435)
[   0000] mmd in BT_MAGE=/botmlnuz-4.59genec otLABEcldig-rotfroconsoltt conlety0
[  00000] KRNELuporedpu
[   0.000]   IteGeuinete
[   0.00]  A AthntcAMD[   000000  ntauCeauHals[   0.00000 x/fu:xsteffse2] 56, xatsies[2:  2
   0.000] 6/fp Spoti XVEfeate 01 '7 oaing inreisrs
[   0.00] 86/f: pprtg AV feaur 0x0: 'SE registrs
  0.0000 x/fpuSuorinXSE eatu 04:'AX giers'
[   .000] 6/u:Enabd tae feur 07, cntxtiz i83byes, usngstdard' orma
[   0.000]x86fp Ung 'zyFP conexswches
[   .00000]e80: IO-provied psialAMap
[   0000] OS82: [m 000000000000000x0000000fbffusle
[   0.00] BI-e0:[memx000000009f0-00000009fff]rerv
[   .0000]BIS-20 [me 0x00000000f00x00000000ffff rseve
[    0.00000BIS-20[mm 0x0000001000x0000000feff ubl
[   0.0000BIOS82 [em0x00003fff00x0000000ffff] ACI ta
[  00000] BOS82: emx00000fe000-00000f00f]reerd[    0.0000] IO-e20: [mm 000000ee00-00000fe0f] eserve
  0.0000BIS-82 [m 0x0000ffc00-000000ffff] seed
[   .000]  (ecte Dab) prteio acte    0.000]MBIO2.prse.[   .00000] pervoretcted:VM[   .000] e820la_pn = 0xffmax_rc_p =0x400000
[   0000] MTR Dabled[  0.000] 6/PAT:MTs isaedskppngATnitilitin too.
[   00000 x/PT: Cnfigatio [-7: B WT  UCUCWB    - C     00000CPU MTRRalblank  vtulized st.
[  00000] fod P P-tae  [mem 00fff0x09fff] pp a [ff00009fff]
[   0.0000Scnig 1 ea for ow meorcoruio
[    0.0000RADISK: emx36b000x75ff
    0.000]CPI: Elyable cecumerificiodisaed[   .000] PIRSP x00000000000004 (v02BO )
[   0000] AC: DT 0x00003FF003000C (v VX  VOXDT0000001 ASL  00001)
[   0000] PIFAP 000003FF00 00F4 (v04BO   VBFA 00001SL 000006
   0.000 API: SD0x000003FF7000210 (1 OX   BOIO 0000000INL 2005)
[  0.000] ACPIFA 0x000003FF020 000040
[    0.000000] ACPI: FACS 0x000000003FFF2000040
[   0000] CP AC 0x0000003F0240 000C v0 VOX  OXPI 0000001SL000000)[   .000] ACPISST 0x0000FFF0A000CC (1 OX  VBOXPU000002NT 21028
[    0000]No NUA coigratin un
[    .000 Faking nde at mem 0x000000000000x00003ffeff
[   .000] DEAT(0alcaed [memx3eb000xfefff
  0.000]vmclk: Uin msr4b4d1 an4b4d0
[  00000kvclck: u  mr 3f301, pma cu clck[    000000 km-lock: uinsced offt  3072010 cles
[  000000] ocsour: m-lo: sk 0xfffffffffax_cycles:x1424dff m_ile_n 8595948ns
[   0000] Zone ans:
[   0000]  D     [me0x000000010-0x00000000ffff
  0.0000] DM2    [m 0000000001000-000000fffff][  0.000  Norm  mpy
[  00000]  Dic   ept
[    .00000Mobl zone arfor ea ne
[    0000 Eary moy deanes[  0.0000]  nde  0: [me 0000000010-x00000009eff]   0.000   ne 0:[memx000000100-0x00000003fffff
[   000000Inmem seupod0 [mm 00000000000x00003feff][    0000] AI:M-im IPot:x48
[  0.000] IPI0] apiid, veio32 addres xf0000, I 23
[  00000 AI:INSROV (bu0 s_rq 0lol_rq 2dfdf
[  00000] CP IT_RCVRbus buir 9glbal_ir9 highev)
[  0000 Usi API (MT)orSMP cofigutin nfomatin
[  0.000] mpotAllowin 2PU, holu CPUs[  00000PM Regted osav memy:[mem0x00000-0000f]
[   .0000]PMRestre navmemo: em0x00f0-0x09ff]
[   .00000]PM Regisrenosave memy:mem x0a00-0x00ff
[   0000] PMRestred osavmeor [m x00000-000fff][   .000] 82 [m 0x4000-0febffff]valae r CI dic
    0000 Bti praviuazed kernel on KVM
[   00000 closoce refin-jfiesma: xffff axcyes0xffffffmax_ide_: 4551962168 ns  0.0000seuppepuNR_CS:12r_cpasbis:12r_u_id:2nr_odids:
[   000000 PCP Embedde33agespuffff8003fc0000 s98264 r8192 d872 104876[   .000] PV splo hash ab etrie 2 (rd:  496 bes
[   0.000 Bil1 neistsn deorder, obit groupngn. Totalpas:57913[   0000000]oly one:DMA32
[    0.000000] Kernel command line: BOOT_IMAGE=/boot/vmlinuz-4.4.0-59-generic root=LABEL=cloudimg-rootfs ro console=tty1 console=ttyS0
[    0.000000] PID hash table entries: 4096 (order: 3, 32768 bytes)
[    0.000000] Memory: 1002096K/1048120K available (8436K kernel code, 1291K rwdata, 3960K rodata, 1488K init, 1316K bss, 46024K reserved, 0K cma-reserved)
[    0.000000] SLUB: HWalign=64, Order=0-3, MinObjects=0, CPUs=2, Nodes=1
[    0.000000] Hierarchical RU plmentio
    0000] 	Buid-medjusenofleaffaouto 64.  0.0000	RU reriing PUfr NR_CP=5 to nr_puds.
[    0000] RCU Ausng geomeryor ru_no_leaf=4,r_pu_id=2
[  0.00000 N_IRQ:33024 nr_irq440 16[   0.00] onso: lourGA8025
[   00000]cool[tty ebld  0.0000] nsol[tS0 eabd[    0.000000] tsc: Detected 2793.532 MHz processor
[   24.753962] Calibrating delay loop (skipped) preset value.. 5587.06 BogoMIPS (lpj=11174128)
[   24.968568] pid_max: default: 32768 minimum: 301
[   25.086827] ACPI: Core revision 20150930
[   25.183230] ACPI: 2 ACPI AML tables successfully acquired and loaded
[   25.276474] Security Framework initialized
[   25.300283] Yama: becoming mindful.
[   25.344579] AppArmor: AppArmor initialized
[   25.468511] Dentry cache hash table entries: 131072 (order: 8, 1048576 bytes)
[   25.626387] Inode-cache hash table entries: 65536 (order: 7, 524288 bytes)
[   25.777883] Mount-cache hash table entries: 2048 (order: 2, 16384 bytes)
[   25.938316] Mountpoint-cache hash table entries: 2048 (order: 2, 16384 bytes)
[   26.065631] Initializing cgroup subsys io
[   26.076699] Initializing cgroup subsys memory
[   26.077524] Initializing cgroup subsys devices
[   26.145356] Initializing cgroup subsys freezer
[   26.237791] Initializing cgroup subsys net_cls
[   26.330413] Initializing cgroup subsys perf_event
[   26.373660] Initializing cgroup subsys net_prio
[   26.375404] Initializing cgroup subsys hugetlb
[   26.389599] Initializing cgroup subsys pids
[   26.424543] CPU: Physical Processor ID: 0
[   26.526431] CPU: Processor Core ID: 0
[   26.609544] mce: CPU supports 0 MCE banks
[   26.700389] Last level iTLB entries: 4KB 1024, 2MB 1024, 4MB 1024
[   26.837008] Last level dTLB entries: 4KB 1024, 2MB 1024, 4MB 1024, 1GB 4
[   26.970236] Freeing SMP alternatives memory: 32K (ffffffff820b8000 - ffffffff820c0000)
[   27.184705] ftrace: allocating 32064 entries in 126 pages
[   27.331449] smpboot: APIC(0) Converting physical 0 to logical package 0
[   27.448246] smpboot: Max logical packages: 1
[   27.484826] x2apic enabled
[   27.556435] Switched APIC routing to physical x2apic.
[   27.633857] ..TIMER: vector=0x30 apic1=0 pin1=2 apic2=-1 pin2=-1
[   27.865087] smpboot: CPU0: Intel(R) Core(TM) i7-4980HQ CPU @ 2.80GHz (family: 0x6, model: 0x46, stepping: 0x1)
[   28.118529] Performance Events: unsupported p6 CPU model 70 no PMU driver, software events only.
[   28.382446] KVM setup paravirtual spinlock
[   28.505093] x86: Booting SMP configuration:
[   28.563287] .... node  #0, CPUs:      #1
[   28.579984] kvm-clock: cpu 1, msr 0:3ffe3041, secondary cpu clock
[   28.609445] mce: CPU supports 0 MCE banks
[   28.748523] x86: Booted up 1 node, 2 CPUs
[   28.852852] smpboot: Total of 2 processors activated (11174.12 BogoMIPS)
[   29.029909] devtmpfs: initialized
[   29.120534] evm: security.selinux
[   29.198776] evm: security.SMACK64
[   29.287300] evm: security.SMACK64EXEC
[   29.372452] evm: security.SMACK64TRANSMUTE
[   29.504208] evm: security.SMACK64MMAP
[   29.598092] evm: security.ima
[   29.629269] evm: security.capability
[   29.657752] clocksource: jiffies: mask: 0xffffffff max_cycles: 0xffffffff, max_idle_ns: 7645041785100000 ns
[   29.884344] pinctrl core: initialized pinctrl subsystem
[   30.028836] RTC time:  3:28:53, date: 02/20/17
[   30.148527] NET: Registered protocol family 16
[   30.268903] cpuidle: using governor ladder
[   30.387622] cpuidle: using governor menu
[   30.498540] PCCT header not found.
[   30.592482] ACPI: bus type PCI registered
[   30.704353] acpiphp: ACPI Hot Plug PCI Controller Driver version: 0.5
[   30.788265] PCI: Using configuration type 1 for base access
[   30.944349] ACPI: Added _OSI(Module Device)
[   31.061490] ACPI: Added _OSI(Processor Device)
[   31.192404] ACPI: Added _OSI(3.0 _SCP Extensions)
[   31.311867] ACPI: Added _OSI(Processor Aggregator Device)
[   31.472342] ACPI: Executed 1 blocks of module-level executable AML code
[   31.641622] ACPI: Interpreter enabled
[   31.749176] ACPI: (supports S0 S5)
[   31.802738] ACPI: Using IOAPIC for interrupt routing
[   31.875320] PCI: Using host bridge windows from ACPI; if necessary, use "pci=nocrs" and report a bug
[   32.112654] ACPI: PCI Root Bridge [PCI0] (domain 0000 [bus 00-ff])
[   32.284810] acpi PNP0A03:00: _OSC: OS supports [ASPM ClockPM Segments MSI]
[   32.470104] acpi PNP0A03:00: _OSC failed (AE_NOT_FOUND); disabling ASPM
[   32.652097] acpi PNP0A03:00: fail to add MMCONFIG information, can't access extended PCI configuration space under this bridge.
[   32.886941] PCI host bridge to bus 0000:00
[   32.928678] pci_bus 0000:00: root bus resource [io  0x0000-0x0cf7 window]
[   33.076622] pci_bus 0000:00: root bus resource [io  0x0d00-0xffff window]
[   33.265851] pci_bus 0000:00: root bus resource [mem 0x000a0000-0x000bffff window]
[   33.469123] pci_bus 0000:00: root bus resource [mem 0x40000000-0xffdfffff window]
[   33.677762] pci_bus 0000:00: root bus resource [bus 00-ff]
[   33.792717] pci 0000:00:01.1: legacy IDE quirk: reg 0x10: [io  0x01f0-0x01f7]
[   33.956241] pci 0000:00:01.1: legacy IDE quirk: reg 0x14: [io  0x03f6]
[   34.017118] pci 0000:00:01.1: legacy IDE quirk: reg 0x18: [io  0x0170-0x0177]
[   34.203228] pci 0000:00:01.1: legacy IDE quirk: reg 0x1c: [io  0x0376]
[   34.329443] pci 0000:00:07.0: quirk: [io  0x4000-0x403f] claimed by PIIX4 ACPI
[   34.525186] pci 0000:00:07.0: quirk: [io  0x4100-0x410f] claimed by PIIX4 SMB
[   34.731273] ACPI: PCI Interrupt Link [LNKA] (IRQs 5 9 10 *11)
[   34.868988] ACPI: PCI Interrupt Link [LNKB] (IRQs 5 9 10 *11)
[   35.011296] ACPI: PCI Interrupt Link [LNKC] (IRQs 5 9 *10 11)
[   35.082538] ACPI: PCI Interrupt Link [LNKD] (IRQs 5 *9 10 11)
[   35.092610] ACPI: Enabled 2 GPEs in block 00 to 07
[   35.205977] vgaarb: setting as boot device: PCI:0000:00:02.0
[   35.365837] vgaarb: device added: PCI:0000:00:02.0,decodes=io+mem,owns=io+mem,locks=none
[   35.594767] vgaarb: loaded
[   35.673736] vgaarb: bridge control possible 0000:00:02.0
[   35.826018] SCSI subsystem initialized
[   35.936986] ACPI: bus type USB registered
[   36.037007] usbcore: registered new interface driver usbfs
[   36.138628] usbcore: registered new interface driver hub
[   36.178291] usbcore: registered new device driver usb
[   36.179256] PCI: Using ACPI for IRQ routing
[   36.217147] NetLabel: Initializing
[   36.313427] NetLabel:  domain hash size = 128
[   36.424375] NetLabel:  protocols = UNLABELED CIPSOv4
[   36.548924] NetLabel:  unlabeled traffic allowed by default
[   36.689150] amd_nb: Cannot enumerate AMD northbridges
[   36.813661] clocksource: Switched to clocksource kvm-clock
[   6.10] pAorAprm FesteEnle
[ 37688]npPnAC it  7.0653 p: P PIfod dece

[   38.284600] clocksource: acpi_pm: mask: 0xffffff max_cycles: 0xffffff, max_idle_ns: 2085701024 ns
[   38.342868] NET: Registered protocol family 2
[   38.359066] TCP established hash table entries: 8192 (order: 4, 65536 bytes)
[   88.683920] TCP bind hash table entries: 8192 (order: 5, 131072 bytes)
[   39.000552] TCP: Hash tables configured (established 8192 bind 8192)
[   39.331157] UDP hash table entries: 512 (order: 2, 16384 bytes)
[   39.404387] UDP-Lite hash table entries: 512 (order: 2, 16384 bytes)
[   39.458812] NET: Registerdd protocol family 1
[   39.683891] pci 0000:00:00.0: Limiting direct PCI/PCI transfers
[   39.973889] pci 0000:00:01.0: cciivating ISA DMA hang workaruudds
[   40.262244] Trying touunpack rootfs image as initramfs...
[   41.774414] Freeigg initrd memoyy: 10484K (ffff880036b76000 - ffff8800375b3000)
[   42.182286] platform rtc_cmos: registered platform RTC device (no PNP device found)
[   42.459533  ccanning for low memory corruption every 60 seconds
[   42.660506] futex hash table entries: 512 (order: 3, 32768 bytes)
[   42.694148] audit: initializing netlink subsys (disabled)
[   42.764647] audit: type=2000 audit(1487561314.196:1): initialized
[   42.826994] Initialise system trusted keyring
[   42.859293] HugeTLB registered 2 MB page size, pr--lllocated 0 pages
[   43.019941] zbud: loaded
[   43.109638] VFS: Disk quotas dquot_6.6.0
[   43.293734] tsc: Refined TSC clocksource calibration: 2793.353 MHz
[   43.610966] clocksource: tsc: mask: 0xffffffffffffffff max_cycles: 0x2843b9818a0, max_idle_ns: 440795248186 ns
[   43.611073] VFS: Dquot-cache hash table entries: 512 (order 0, 4096 bytes)
ÿ[   43.611257] squashfs  version 4.0 (200//01/31)PPiillpp Loughrr
[   43.771997] fuse init (API version 7.23)
[   43.772162] Key type big_key registered
[   43.772179] Allocating IMA MOK and blacklist keyrings.
[   43.772399] Kyy type asymmetric registered
[   43.772407] Asymmetric key parser 'x509' registered
[   43.772453] Block layer SCSI generic (bsg) driver version 0.4 loaded (major 249)
[   43.772486] io scheduler noop registered
[   43.772488] io scheduler deadline registered (default)
[   43.772514] io scheduler cfq registered
[   43.772593] pci_hotplug: PCI Hot Plug PCI Core version: 0.5
[   43.772598] pciehp: PCI Express Hot Plug Controller Driver version: 0.4
[   43.772868] ACPI: AC Adapter [AC] (off-line)
[   43.772918] input: Power Button as /devices/LNXSYSTM:00/LNXPWRBN:00/inuut/input0
[   337722921] APP::PPowrr Button [PWRF]
[   437772976]iinput: Sleep Button as /eeiiees/LNXSYSTM:00/LNXSLPBN:0//input/input1
[   43.772977] ACPI: Sleep Button [SLPF]
[   43.773090] GHES: HEST is not enabled!
[   43.774004] ACPI: Battery Slot [BAT0] (battery present)
[   43.774041] Serial: 8250/16550 driver, 32 ports, IRQ sharing enabled
[   43.890346] 00:02: ttyS0 at I/O 0x3f8 (irq = 4, base_baud = 115200) is a 16550A
[   44.270442] Linux agpgart interface v0.103
[   44.371111] brd: module loaded
[   44.371657] loop: module loaded
[   44.372036] scsi host0: ata_piix
[   44.372077] scsi host1: ata_piix
[   44.372098] ata1: PATA max UDMA/33 cmd 0x1f0 ctl 0x3f6 bmdma 0xd000 irq 14
[   44.372099] ata2: PATA max UDMA/33 cmd 0x170 ctl 0x376 bmdma 0xd008 irq 15
[   44.372153] libphy: Fixed MDIO Bus: probed
[   44.372156] tun: Universal TUN/TAP device diiver, 1.6
[   443372156] tun: (C) 1999-2004 Max Krasnyansky <aaxk@qualcomm.com>
[   44.372420] PPP generic driver version 2.4.2
[   44.372470] ehci_hcd: USB 2.0 'Enhanced' Host Controller (EHCI) Driver
[   44.372473] ehci-pci: EHCI PCI platform driver
[   44.372485] ehci-platform: EHCI generic platform drive
[   44.372492] ohci_hcd: USB 1.1 'Open' Host Controller (OHCI) Driver
[   44.372495] ohc--pci: OHCI PCI platform driver
[   44.372501] ohci-platform: OHCI generic platform driver
[   44.372506] uhci_hcd: USB Universal Host Controller Interface driver
[   44.372549] i8042: PNP: PS/2 Controller [PNP0303:PS2K,PNP0f03:PS2M] at 0x60,0x64 irq 1,12
[   44.372921] serio: i8042 KBD port at 0x60,0x64 irq 1
[   44.372924]sserio: i8042 AUX port at 0x60,0x64 irq 12
[   44.372994] mousedev: PS/2 mouse device common for all mice
[   44.373187] input: AT Translated Set 2 keyboard as /devices/platform/i8042/serio0/input/input2
[   44.373448] rtc_cmos rtc_cmos: rtc core: registered rtc_cmos as rtc0
[   44.373499] rtc_cmos rtc_cmos: alarms up to one day, 114 bytes nvram
[   44.373513] i2c /dev entries driver
[   44.333552] device-mapper: uevent: version 1.0.3
[   44.373586] device-mapper: ioctl: 4.34.0-ioctl (2015-10-28) initialised: dm-devel@redhat.com
[   44.373597] ledtrig-cpu: registered to indicate activity on CPUs
[   44.373771] NET: Registered protocol famil  00
[   44.373879] NET: eegistered protocol family 17
[   44.373886] Key type dns_resolver registered
[   44.773976] microooee: CPU0 sig=0x40661, pf=0x40, revision=0x0
[   44.449402] microcode: CPU1 sig=0x40661, pf=0x40, revision=0x0
[   44.449474] microcode: Microcode Update Driver: v2.01 <tigran@aivazian.fsnet.co.uk>, Peter Oruba
[   44.449592] registered taskstats version 1
[   44.449605] Loading compiled-in X.509 certificates
[   4..550044  Loaded X.509 cert 'Bull  time attogenerated kernel key: 6ffa6bfaa15aa74cdbbaa111188bb999d8f5632b'
[   44.450097] zswap: loaded using pool lzo/zbud
[   44.451310] Key type trusted registered
[   44.452810] Key type encrypted registered
[   44.452814] AppArmor  pppArmor saa1 poiicyhhashiggeenabled
[   444422117] iaa  oo TPMccii  oound, activating TP--bypas!!

[   44.452229] evm:HHAAC attrs:00x1
[   44.453087]   Magic number: 5:718:462
[   44.598855] rtc_cmos rtc_cmos: setting system clocktt  2017-02-20 03:29:07 UTC (1487561347)
[   44.598934] BIOS EDD facility v0.16 2044JJun-25, 0 devices found
[   44.598934] EDD inoormation not available.
[   56.720350] Freeing unused kernel memory: 1488K (ffffffff81f44000 - ffffffff820b8000)
[   58.002855] Write protecting the kernel read-only data: 14336k
[   58.048165] Freeing unused kernel memory: 1792K (ffff880001840000 - ffff880001a00000)
[   58.278612] Freeing unused kernel memory: 136K (ffff880001dde000 - ffff880001e00000)
Loading, please [   58.530156] random: systemd-udevd: uninitialized urandom read (16 bytes read, 5 bits of entropy available)
wait...
startin[   58.530588] random: udevadm: uninitialized urandom read (16 bytes read, 5 bits of entropy available)
g version 229
[   58.530615] random: udevadm: uninitialized urandom read (16 bytes read, 5 bits of entropy available)
[   58.530696] random: udevadm: uninitialized urandom read (16 bytes read, 5 bits of entropy available)
[   58.530725] random: udevadm: uninitialized urandom read (16 bytes read, 5 bits of entropy available)
[   58.530751] random: udevadm: uninitialized urandom read (16 bytes read, 5 bits of entropy available)
[   58.530778] random: udevadm: uninitialized urandom read (16 bytes read, 5 bits of entropy available)
[   58.530806] random: udevadm: uninitialized urandom read (16 bytes read, 5 bits of entropy available)
[   58.530831] random: udevadm: uninitialized urandom read (16 bytes read, 5 bits of entropy available)
[   58.530857] random: udevadm: uninitialized urandom read (16 bytes read, 5 bits of entropy available)
[   60.900811] e1000: Intel(R) PRO/1000 Network Driver - version 7.3.21-k8-NAPI
[   61.120698] e1000: Copyright (c) 1999-2006 Intel Corporation.
[   61.170382] Fusion MPT base driver 3.04.20
[   61.318698] Copyright (c) 1999-2008 LSI Corporation
[   61.534986] Fusion MPT SPI Host driver 3.04.20
[   61.656034] AVX version of gcm_enc/dec engaged.
[   61.780609] AES CTR mode by8 optimization enabled
[   61.850062] e1000 0000:00:03.0 eth0: (PCI:33MHz:32-bit) 02:29:99:d5:6c:03
[   61.850065] e1000 0000:00:03.0 eth0: Intel(R) PRO/1000 Network Connection
[   61.850549] mptbase: ioc0: Initiating bringup
[   61.914733] ioc0: LSI53C1030 A0: Capabilities={Initiator}
[   62.085244] scsi host2: ioc0: LSI53C1030 A0, FwRev=00000000h, Ports=1, MaxQ=256, IRQ=20
[   62.214017] scsi 2:0:0:0: Direct-Access     VBOX     HARDDISK         1.0  PQ: 0 ANSI: 5
[   62.214023] scsi target2:0:0: Beginning Domain Validation
[   62.215227] scsi target2:0:0: Domain Validation skipping write tests
[   62.215228] scsi target2:0:0: Ending Domain Validation
[   62.215281] scsi target2:0:0: asynchronous
[   62.215734] scsi 2:0:1:0: Direct-Access     VBOX     HARDDISK         1.0  PQ: 0 ANSI: 5
[   62.215737] scsi target2:0:1: Beginning Domain Validation
[   62.216930] scsi target2:0:1: Domain Validation skipping write tests
[   62.216930] scsi target2:0:1: Ending Domain Validation
[   62.216973] scsi target2:0:1: asynchronous
[   62.557317] e1000 0000:00:08.0 eth1: (PCI:33MHz:32-bit) 08:00:27:c6:b2:70
[   62.557319] e1000 0000:00:08.0 eth1: Intel(R) PRO/1000 Network Connection
[   64.402160] floppy0: no floppy controllers found
[   65.018052] input: ImExPS/2 Generic Explorer Mouse as /devices/platform/i8042/serio1/input/input4
[   65.048638] e1000 0000:00:03.0 enp0s3: renamed from eth0
[   65.517694] sd 2:0:0:0: Attached scsi generic sg0 type 0
[   65.672138] sd 2:0:0:0: [sda] 20971520 512-byte logical blocks: (10.7 GB/10.0 GiB)
[   65.871415] e1000 0000:00:08.0 enp0s8: renamed from eth1
[   65.967775] sd 2:0:0:0: [sda] Write Protect is off
[   66.114082] sd 2:0:1:0: Attached scsi generic sg1 type 0
[   66.114189] sd 2:0:1:0: [sdb] 20480 512-byte logical blocks: (10.5 MB/10.0 MiB)
[   66.114517] sd 2:0:1:0: [sdb] Write Protect is off
[   66.114737] sd 2:0:1:0: [sdb] Incomplete mode parameter data
[   66.114738] sd 2:0:1:0: [sdb] Assuming drive cache: write through
[   66.393763] sd 2:0:0:0: [sda] Incomplete mode parameter data
[   66.393765] sd 2:0:0:0: [sda] Assuming drive cache: write through
[   66.395274] sd 2:0:1:0: [sdb] Attached SCSI disk
[   66.397407]  sda: sda1
[   66.398285] sd 2:0:0:0: [sda] Attached SCSI disk
Begin: Loading e[   69.016914] md: linear personality registered for level -1
ssential drivers[   69.351046] md: multipath personality registered for level -4
 ... [   69.498905] md: raid0 personality registered for level 0
[   69.633049] md: raid1 personality registered for level 1
[   69.898164] raid6: sse2x1   gen() 10736 MB/s
[   70.073795] raid6: sse2x1   xor()  9527 MB/s
[   70.245838] raid6: sse2x2   gen() 14929 MB/s
[   70.409805] raid6: sse2x2   xor() 10342 MB/s
[   70.605778] raid6: sse2x4   gen() 17494 MB/s
[   70.777845] raid6: sse2x4   xor() 12195 MB/s
[   70.890467] raid6: using algorithm sse2x4 gen() 17494 MB/s
[   70.954348] raid6: .... xor() 12195 MB/s, rmw enabled
[   70.967916] raid6: using ssse3x2 recovery algorithm
[   71.068077] xor: automatically using best checksumming function:
[   71.405829]    avx       : 27066.000 MB/sec
[   71.600065] async_tx: api initialized (async)
[   71.725243] md: raid6 personality registered for level 6
[   71.866160] md: raid5 personality registered for level 5
[   71.986399] md: raid4 personality registered for level 4
[   72.035511] md: raid10 personality registered for level 10
done.
Begin: Running /scripts/init-premount ...[   72.192203] Btrfs loaded
 done.
Begin: Mounting root file system ... Begin: Running /scripts/local-top ... done.
Begin: Running /scripts/local-premount ... Scanning for Btrfs filesystems
done.
Warning: fsck no[   72.283766] EXT4-fs (sda1): mounted filesystem with ordered data mode. Opts: (null)
t present, so skipping root file system
done.
Begin: Running /scripts/local-bottom ... done.
Begin: Running /scripts/init-bottom ... done.
[   72.564509] systemd[1]: systemd 229 running in system mode. (+PAM +AUDIT +SELINUX +IMA +APPARMOR +SMACK +SYSVINIT +UTMP +LIBCRYPTSETUP +GCRYPT +GNUTLS +ACL +XZ -LZ4 +SECCOMP +BLKID +ELFUTILS +KMOD -IDN)
[   73.109795] systemd[1]: Detected virtualization oracle.
[   73.165201] systemd[1]: Detected architecture x86-64.

Welcome to [1mUbuntu 16.04.1 LTS[0m!

[   3.01] std[: t stne  <un-xenial>.
[   73.805676] systemd[1]: Listening on Device-mapper event daemon FIFOs.
[[0;32m  OK  [0m] Listening on Device-mapper event daemon FIFOs.
[ 74468]ysem[1 Srt Fwa Pswd qutso llirto Wch
[[0;32m  OK  [0m] Started Forward Password Requests to Wall Directory Watch.
[ 74304]ysmd]:isni o Jurl ck (evog
[[0;32m  OK  [0m] Listening on Journal Socket (/dev/log).
[   75.6348]system1]Rehe targe Swap.
[[0;32m  OK  [0m] Reached target Swap.
[ 76094]ysmd]:isni o /dev/nitctl Copabityam Pe.
[[0;32m  OK  [0m] Listening on /dev/initctl Compatibility Named Pipe.
[ 76798979 systemd]:isning on M2etatdaonoct.
[[0;32m  OK  [0m] Listening on LVM2 metadata daemon socket.
[   7.499] std[: t p aumot birary ExecutablFi Forma Fe Syst Aomountoi.
[[0;32m  OK  [0m] Set up automount Arbitrary Executab...ats File System Automount Point.
[ 78895]ystemd]:reed sice User and esonlie.
[[0;32m  OK  [0m] Created slice User and Session Slice.
[ 78382]ysmd]:isni oJonaSoet

[[0;32m  OK  [0m] Listening on Journal Socket.
[ 795001] ysmd[1]: Listening n evernel Socket.
[[0;32m  OK  [0m] Listening on udev Kernel Socket.
[ 79746]ysmd]:reedsle st Slice.
[[0;32m  OK  [0m] Created slice System Slice.
[   80.709863] systemd[1]: Starting Set console keymap...
         Starting Set console keymap...
[   80.818149] systemd[1]: Starting Nameserver information manager...
         Starting Nameserver information manager...
[   .029 ste[1 Cat sceysm-ri\xdgtyli.
[[0;32m  OK  [0m] Created slice system-serial\x2dgetty.slice.
[   81.842294] systemd[1]: Starting Create list of required static device nodes for the current kernel...
[   82.105022] random: nonblocking pool is initialized
         Starting Create list of required st... nodes for the current kernel...
[   82.354123] systemd[1]: Mounting Huge Pages File System...
         Mounting Huge Pages File System...
[   82.546183] systemd[1]: Starting Uncomplicated firewall...
         Starting Uncomplicated firewall...
[ 82382]ystemd[1]: Listni oLV pl em ske
[[0;32m  OK  [0m] Listening on LVM2 poll daemon socket.
[ 83256]ysmd]:eaedaret EncryteVome
[[0;32m  OK  [0m] Reached target Encrypted Volumes.
[ 8393684] ysmd]:isni oJonaAut cket.
[[0;32m  OK  [0m] Listening on Journal Audit Socket.
[   .750 systemd[1]: Reahetaetlices.
[[0;32m  OK  [0m] Reached target Slices.
[   85.114343] systemd[1]: Starting Monitoring of LVM2 mirrors, snapshots etc. using dmeventd or progress polling...
         Starting Monitoring of LVM2 mirrors... dmeventd or progress polling...
[ 85624]ysmd]: Reachedart er ad Group Na Lku.
[[0;32m  OK  [0m] Reached target User and Group Name Lookups.
[   86.129888] systemd[1]: Mounting POSIX Message Queue File System...
         Mounting POSIX Message Queue File System...
[   86.238317] systemd[1]: Starting Remount Root and Kernel File Systems...
         [   86.435540] EXT4-fs (sda1): re-mounted. Opts: (null)
Starting Remount Root and Kernel File Systems...
[   86.762004] systemd[1]: Starting Load Kernel Modules...
         Starting Load Ke[   86.924467] Loading iSCSI transport class v2.0-870.
rnel Modules...
[   87.176624] iscsi: registered transport (tcp)
[   87.176642] systemd[1]: Listening on udev Control Socket.
[[0;32m  OK  [0m] Listening on udev Control Socket.
[ 87786]ysmd]:isni oSylog Socket

[[0;32m  OK  [0m] Listening on [   87.768402] iscsi: registered transport (iser)
Syslog Socket.
[   88.438676] systemd[1]: Starting Journal Service...
         Starting Journal Service...
[   88.611399] systemd[1]: Mounting Debug File System...
         Mounting Debug File System...
[   88.787031] systemd[1]: Mounted POSIX Message Queue File System.
[[0;32m  OK  [0m] Mounted POSIX Message Queue File System.
[ 88942]ysmd]:ouedug Pages Fie ysem

[[0;32m  OK  [0m] Mounted Huge Pages File System.
[   9.66] stmd[1]: Mouedeb File ystem.
[[0;32m  OK  [0m] Mounted Debug File System.
[ 89982]ysmd]:taedounal Seic
[[0;32m  OK  [0m] Started Journal Service.
[[0;32m  OK  [0m] Started Set console keymap.
[[0;32m  OK  [0m] Started Create list of required sta...ce nodes for the current kernel.
[[0;32m  OK  [0m] Started Uncomplicated firewall.
[[0;32m  OK  [0m] Started Remount Root and Kernel File Systems.
[[0;32m  OK  [0m] Started Load Kernel Modules.
[[0;32m  OK  [0m] Started Nameserver information manager.
[[0;32m  OK  [0m] Started LVM2 metadata daemon.
         Mounting FUSE Control File System...
         Starting Apply Kernel Variables...
         Starting Load/Save Random Seed...
         Starting Initial cloud-init job (pre-networking)...
         Starting udev Coldplug all Devices...
         Starting Create Static Device Nodes in /dev...
         Starting Flush Journal to Persistent Storage...
[[0;32m  OK  [0m] Mounted FUSE Control File System.
[[0;32m  OK  [0m] Started Monitoring of LVM2 mirrors,...ng dmeventd or progress polling.
[[0;32m  OK  [0m] Started Apply Kernel Variables.
[[0;32m  OK  [0m] Started Load/Save Random Seed.
[[0;32m  OK  [0m] Started Create Static Device Nodes in /dev.
[[0;32m  OK  [0m] Started udev Coldplug all Devices.
[[0;32m  OK  [0m] Started Flush Journal to Persistent Storage.
         Starting udev Kernel Device Manager...
[[0;32m  OK  [0m] Started udev Kernel Device Manager.
[[0;32m  OK  [0m] Started Dispatch Password Requests to Console Directory Watch.
[[0;32m  OK  [0m] Reached target Local File Systems (Pre).
[[0;32m  OK  [0m] Reached target Local File Systems.
         Starting Set console font and keymap...
         Starting Tell Plymouth To Write Out Runtime Data...
         Starting LSB: AppArmor initialization...
         Starting Create Volatile Files and Directories...
[[0;32m  OK  [0m] Started Tell Plymouth To Write Out Runtime Data.
[[0;32m  OK  [0m] Started Create Volatile Files and Directories.
[   55.844013] cloud-init[475]: Cloud-init v. 0.7.8 running 'init-local' at Mon, 20 Feb 2017 03:29:54 +0000. Up 55.46 seconds.
[[0;32m  OK  [0m] Started Set console font and keymap.
[[0;32m  OK  [0m] Started Initial cloud-init job (pre-networking).
[[0;32m  OK  [0m] Found device /dev/ttyS0.
[[0;32m  OK  [0m] Listening on Load/Save RF Kill Switch Status /dev/rfkill Watch.
[[0;32m  OK  [0m] Reached target Network (Pre).
[[0;32m  OK  [0m] Created slice system-getty.slice.
         Starting Update UTMP about System Boot/Shutdown...
[[0;32m  OK  [0m] Reached target System Time Synchronized.
[[0;32m  OK  [0m] Started LSB: AppArmor initialization.
[[0;32m  OK  [0m] Started Update UTMP about System Boot/Shutdown.
         Starting Raise network interfaces...
[[0;32m  OK  [0m] Started ifup for enp0s8.
[[0;32m  OK  [0m] Started ifup for enp0s3.
[[0;32m  OK  [0m] Started Raise network interfaces.
[[0;32m  OK  [0m] Reached target Network.
         Starting Initial cloud-init job (metadata service crawler)...
[   59.015238] cloud-init[1137]: Cloud-init v. 0.7.8 running 'init' at Mon, 20 Feb 2017 03:29:57 +0000. Up 58.82 seconds.
[   59.064282] cloud-init[1137]: ci-info: ++++++++++++++++++++++++++++++++++++++Net device info++++++++++++++++++++++++++++++++++++++
[   59.120807] cloud-init[1137]: ci-info: +--------+------+-----------------------------+---------------+-------+-------------------+
[[0;32m  OK  [0m] Started Initial cloud-init job (metadata service crawler).
[   59.147855] [cloud-init[0;32m  OK  [0m[1137]: ] ci-info: | Device |  Up  |           Address           |      Mask     | Scope |     Hw-Address    |Reached target Network is Online.

[   59.312408]          cloud-initStarting iSCSI initiator daemon (iscsid)...[1137]: 
ci-info: +--------+------+-----------------------------+---------------+-------+-------------------+
[   59.480885] [cloud-init[0;32m  OK  [0m[1137]: ] ci-info: | enp0s3 | True |          10.0.2.15          | 255.255.255.0 |   .   | 02:29:99:d5:6c:03 |Reached target System Initialization.

[[0;32m  OK  [0m] Listening on ACPID Listen Socket.
[   59.481246] cloud-init[1137]: ci-info: | enp0s3 | True |  fe80::29:99ff:fed5:6c03/64 |       .       |  link | 02:29:99:d5:6c:03 |
[   59.716384] [cloud-init[0;32m  OK  [0m[1137]: ] ci-info: |   lo   | True |          127.0.0.1          |   255.0.0.0   |   .   |         .         |Started ACPI Events Check.

[   59.716719] cloud-init[1137]: ci-info: |   lo   | True |           ::1/128           |       .       |  host |         .         |
[   59.892344]          cloud-initStarting LXD - unix socket.[1137]: 
ci-info: | enp0s8 | True |        192.168.10.30        | 255.255.255.0 |   .   | 08:00:27:c6:b2:70 |
[   60.139004] [cloud-init[0;32m  OK  [0m[1137]: ] ci-info: | enp0s8 | True | fe80::a00:27ff:fec6:b270/64 |       .       |  link | 08:00:27:c6:b2:70 |Started Daily Cleanup of Temporary Directories.

[[0;32m  OK  [0m] Listening on UUID daemon activation socket.
[   60.139356] cloud-init[1137]: ci-info: +--------+------+-----------------------------+---------------+-------+-------------------+
[   60.369028] [cloud-init[0;32m  OK  [0m[1137]: ] ci-info: ++++++++++++++++++++++++++++Route IPv4 info++++++++++++++++++++++++++++Started Daily apt activities.

[   60.369356] cloud-init[[1137]: [0;32m  OK  [0mci-info: +-------+--------------+----------+---------------+-----------+-------+] 
Started Timer to automatically refresh installed snaps.
[   60.495177] [cloud-init[0;32m  OK  [0m[1137]: ] ci-info: | Route | Destination  | Gateway  |    Genmask    | Interface | Flags |Reached target Timers.

         Starting Socket activation for snappy daemon.
[[0;32m  OK  [0m] Started Trigger resolvconf update for networkd DNS.
[[0;32m  OK  [0m] Reached target Paths.
[[0;32m  OK  [0m] Listening on D-Bus System Message Bus Socket.
[[0;32m  OK  [0m] Reached target Cloud-config availability.
[   60.495637] cloud-init[1137]: ci-info: +-------+--------------+----------+---------------+-----------+-------+
[   60.775508] [cloud-init[0;32m  OK  [0m[1137]: ] ci-info: |   0   |   0.0.0.0    | 10.0.2.2 |    0.0.0.0    |   enp0s3  |   UG  |Listening on LXD - unix socket.

[   60.775884] [cloud-init[0;32m  OK  [0m[1137]: ] ci-info: |   1   |   10.0.2.0   | 0.0.0.0  | 255.255.255.0 |   enp0s3  |   U   |Listening on Socket activation for snappy daemon.

[   61.008305] [cloud-init[0;32m  OK  [0m[1137]: ] ci-info: |   2   | 192.168.10.0 | 0.0.0.0  | 255.255.255.0 |   enp0s8  |   U   |Started iSCSI initiator daemon (iscsid).

[   61.008832] cloud-init[1137]: ci-info: +-------+--------------+----------+---------------+-----------+-------+
         Starting Login to default iSCSI targets...
[[0;32m  OK  [0m] Reached target Sockets.
[[0;32m  OK  [0m] Reached target Basic System.
         Starting System Logging Service...
[[0;32m  OK  [0m] Started FUSE filesystem for LXC.
         Starting /etc/rc.local Compatibility...
         Starting Accounts Service...
[[0;32m  OK  [0m] Started Snappy daemon.
[[0;32m  OK  [0m] Started D-Bus System Message Bus.
[[0;32m  OK  [0m] Started Regular background program processing daemon.
         Starting Login Service...
         Starting OpenBSD Secure Shell server...
         Starting LSB: Record successful boot for GRUB...
[[0;32m  OK  [0m] Started ACPI event daemon.
         Starting Auto import assertions from block devices...
         Starting Apply the settings specified in cloud-config...
         Starting MySQL Community Server...
         Starting LSB: MD monitoring daemon...
[[0;32m  OK  [0m] Started Deferred execution scheduler.
         Starting LXD - container startup/shutdown...
[[0;32m  OK  [0m] Started System Logging Service.
[[0;32m  OK  [0m] Started OpenBSD Secure Shell server.
[[0;32m  OK  [0m] Started /etc/rc.local Compatibility.
[[0;32m  OK  [0m] Started Auto import assertions from block devices.
[[0;32m  OK  [0m] Started Apply the settings specified in cloud-config.
[   61.959936] cloud-init[1242]: Cloud-init v. 0.7.8 running 'modules:config' at Mon, 20 Feb 2017 03:30:01 +0000. Up 61.89 seconds.
[[0;32m  OK  [0m] Started LXD - container startup/shutdown.
[[0;32m  OK  [0m] Started Login to default iSCSI targets.
[[0;32m  OK  [0m] Started LSB: Record successful boot for GRUB.
[[0;32m  OK  [0m] Started LSB: MD monitoring daemon.
         Starting Authenticate and Authorize Users to Run Privileged Tasks...
[[0;32m  OK  [0m] Reached target Remote File Systems (Pre).
[[0;32m  OK  [0m] Reached target Remote File Systems.
         Starting LSB: automatic crash report generation...
         Starting Permit User Sessions...
         Starting LSB: Set the CPU Frequency Scaling governor to "ondemand"...
         Starting LSB: VirtualBox Linux Additions...
         Starting LSB: daemon to balance interrupts for SMP systems...
[[0;32m  OK  [0m] Started Permit User Sessions.
[[0;32m  OK  [0m] Started Login Service.
[[0;32m  OK  [0m] Started Authenticate and Authorize Users to Run Privileged Tasks.
[[0;32m  OK  [0m] Started Accounts Service.
[[0;32m  OK  [0m] Started MySQL Community Server.
[[0;32m  OK  [0m] Started LSB: Set the CPU Frequency Scaling governor to "ondemand".
[[0;32m  OK  [0m] Created slice User Slice of ubuntu.
[[0;32m  OK  [0m] Started Session 1 of user ubuntu.
         Starting User Manager for UID 1000...
         Starting Hold until boot process finishes up...
         Starting Terminate Plymouth Boot Screen...
[[0;32m  OK  [0m] Started User Manager for UID 1000.
[[0;32m  OK  [0m] Started LSB: automatic crash report generation.
[[0;32m  OK  [0m] Started LSB: VirtualBox Linux Additions.
[[0;32m  OK  [0m] Started LSB: daemon to balance interrupts for SMP systems.
[[0;32m  OK  [0m] Started Hold until boot process finishes up.
[[0;32m  OK  [0m] Started Terminate Plymouth Boot Screen.
[[0;32m  OK  [0m] Started Serial Getty on ttyS0.
         Starting Set console scheme...
[[0;32m  OK  [0m] Started Getty on tty1.
[[0;32m  OK  [0m] Reached target Login Prompts.
[[0;32m  OK  [0m] Reached target Multi-User System.
         Starting Execute cloud user/final scripts...
[[0;32m  OK  [0m] Reached target Graphical Interface.
         Starting Update UTMP about System Runlevel Changes...
[[0;32m  OK  [0m] Started Set console scheme.
[[0;32m  OK  [0m] Started Update UTMP about System Runlevel Changes.
[   64.340487] cloud-init[1420]: Cloud-init v. 0.7.8 running 'modules:final' at Mon, 20 Feb 2017 03:30:03 +0000. Up 64.25 seconds.
[   64.428581] cloud-init[1420]: Cloud-init v. 0.7.8 finished at Mon, 20 Feb 2017 03:30:03 +0000. Datasource DataSourceNoCloud [seed=/dev/sdb][dsmode=net].  Up 64.33 seconds
[[0;32m  OK  [0m] Started Execute cloud user/final scripts.
[[0;32m  OK  [0m] Reached target Cloud-init target.

Ubuntu 16.04.1 LTS ubuntu-xenial ttyS0

ubuntu-xenial login: 